127.0.0.1 - - [10/Feb/2023:09:22:08 +0900] "GET / HTTP/1.1" 404 721
127.0.0.1 - - [10/Feb/2023:09:23:47 +0900] "GET / HTTP/1.1" 404 721
0:0:0:0:0:0:0:1 - - [10/Feb/2023:09:24:21 +0900] "GET /board/list HTTP/1.1" 200 1952
0:0:0:0:0:0:0:1 - - [10/Feb/2023:09:24:21 +0900] "GET /favicon.ico HTTP/1.1" 404 721
0:0:0:0:0:0:0:1 - - [10/Feb/2023:09:24:28 +0900] "GET /admin/board/list HTTP/1.1" 404 721
0:0:0:0:0:0:0:1 - - [10/Feb/2023:09:24:57 +0900] "GET /admin/board/list HTTP/1.1" 404 721
127.0.0.1 - - [10/Feb/2023:09:25:42 +0900] "GET / HTTP/1.1" 404 807
0:0:0:0:0:0:0:1 - - [10/Feb/2023:09:26:12 +0900] "GET /admin/board/list HTTP/1.1" 404 831
127.0.0.1 - - [10/Feb/2023:09:31:19 +0900] "GET / HTTP/1.1" 404 807
0:0:0:0:0:0:0:1 - - [10/Feb/2023:09:31:44 +0900] "GET /admin/board/list HTTP/1.1" 404 831
127.0.0.1 - - [10/Feb/2023:09:37:50 +0900] "GET / HTTP/1.1" 404 807
0:0:0:0:0:0:0:1 - - [10/Feb/2023:09:37:56 +0900] "GET /admin/board/list HTTP/1.1" 404 721
127.0.0.1 - - [10/Feb/2023:09:42:31 +0900] "GET / HTTP/1.1" 404 807
0:0:0:0:0:0:0:1 - - [10/Feb/2023:09:42:32 +0900] "GET /admin/board/list HTTP/1.1" 200 -
127.0.0.1 - - [10/Feb/2023:10:17:14 +0900] "GET / HTTP/1.1" 404 807
127.0.0.1 - - [10/Feb/2023:10:44:46 +0900] "GET / HTTP/1.1" 404 807
127.0.0.1 - - [10/Feb/2023:10:45:39 +0900] "GET / HTTP/1.1" 404 807
0:0:0:0:0:0:0:1 - - [10/Feb/2023:10:45:53 +0900] "GET /adminboard/list HTTP/1.1" 404 826
0:0:0:0:0:0:0:1 - - [10/Feb/2023:10:46:19 +0900] "GET /adminboard/list HTTP/1.1" 404 826
127.0.0.1 - - [10/Feb/2023:10:47:55 +0900] "GET / HTTP/1.1" 404 807
0:0:0:0:0:0:0:1 - - [10/Feb/2023:10:47:57 +0900] "GET /adminboard/list HTTP/1.1" 404 826
0:0:0:0:0:0:0:1 - - [10/Feb/2023:10:47:58 +0900] "GET /adminboard/list HTTP/1.1" 404 826
0:0:0:0:0:0:0:1 - - [10/Feb/2023:10:50:18 +0900] "GET /admin/board/list HTTP/1.1" 200 1976
127.0.0.1 - - [10/Feb/2023:11:04:53 +0900] "GET / HTTP/1.1" 404 807
0:0:0:0:0:0:0:1 - - [10/Feb/2023:11:04:56 +0900] "GET /admin/board/list HTTP/1.1" 200 1976
0:0:0:0:0:0:0:1 - - [10/Feb/2023:11:04:57 +0900] "GET /admin/board/list HTTP/1.1" 200 1976
127.0.0.1 - - [10/Feb/2023:11:22:38 +0900] "GET / HTTP/1.1" 404 807
0:0:0:0:0:0:0:1 - - [10/Feb/2023:11:22:40 +0900] "GET /admin/board/list HTTP/1.1" 200 1976
0:0:0:0:0:0:0:1 - - [10/Feb/2023:11:22:53 +0900] "GET /client/board/list HTTP/1.1" 200 1952
0:0:0:0:0:0:0:1 - - [10/Feb/2023:11:24:43 +0900] "GET /admin/board/list HTTP/1.1" 200 1976
127.0.0.1 - - [10/Feb/2023:11:36:40 +0900] "GET / HTTP/1.1" 404 807
0:0:0:0:0:0:0:1 - - [10/Feb/2023:11:37:02 +0900] "GET /client/gallery/registform HTTP/1.1" 404 827
127.0.0.1 - - [10/Feb/2023:11:37:33 +0900] "GET / HTTP/1.1" 404 807
0:0:0:0:0:0:0:1 - - [10/Feb/2023:11:37:33 +0900] "GET /client/gallery/registform HTTP/1.1" 404 831
0:0:0:0:0:0:0:1 - - [10/Feb/2023:11:37:38 +0900] "GET /client/gallery/registform HTTP/1.1" 404 831
127.0.0.1 - - [10/Feb/2023:11:38:08 +0900] "GET / HTTP/1.1" 404 807
0:0:0:0:0:0:0:1 - - [10/Feb/2023:11:38:09 +0900] "GET /client/gallery/registform HTTP/1.1" 200 1729
0:0:0:0:0:0:0:1 - - [10/Feb/2023:11:41:36 +0900] "GET /client/gallery/registform HTTP/1.1" 200 1833
127.0.0.1 - - [10/Feb/2023:12:10:00 +0900] "GET / HTTP/1.1" 200 164
0:0:0:0:0:0:0:1 - - [10/Feb/2023:12:10:22 +0900] "GET / HTTP/1.1" 200 165
127.0.0.1 - - [10/Feb/2023:12:29:06 +0900] "GET / HTTP/1.1" 404 721
0:0:0:0:0:0:0:1 - - [10/Feb/2023:12:29:11 +0900] "GET /client/gallery/list HTTP/1.1" 404 845
127.0.0.1 - - [10/Feb/2023:12:31:45 +0900] "GET / HTTP/1.1" 404 721
0:0:0:0:0:0:0:1 - - [10/Feb/2023:12:31:48 +0900] "GET /client/gallery/list HTTP/1.1" 500 3274
0:0:0:0:0:0:0:1 - - [10/Feb/2023:12:32:22 +0900] "GET /client/gallery/list HTTP/1.1" 200 1489
127.0.0.1 - - [10/Feb/2023:12:34:42 +0900] "GET / HTTP/1.1" 404 721
0:0:0:0:0:0:0:1 - - [10/Feb/2023:12:34:43 +0900] "GET /client/gallery/list HTTP/1.1" 200 1498
0:0:0:0:0:0:0:1 - - [10/Feb/2023:12:34:43 +0900] "GET /client/gallery/list HTTP/1.1" 200 1498
0:0:0:0:0:0:0:1 - - [10/Feb/2023:12:34:45 +0900] "GET /client/gallery/list HTTP/1.1" 200 1498
0:0:0:0:0:0:0:1 - - [10/Feb/2023:12:34:45 +0900] "GET /client/gallery/list HTTP/1.1" 200 1498
0:0:0:0:0:0:0:1 - - [10/Feb/2023:12:34:45 +0900] "GET /client/gallery/list HTTP/1.1" 200 1498
0:0:0:0:0:0:0:1 - - [10/Feb/2023:12:34:45 +0900] "GET /client/gallery/list HTTP/1.1" 200 1498
0:0:0:0:0:0:0:1 - - [10/Feb/2023:12:34:45 +0900] "GET /client/gallery/list HTTP/1.1" 200 1498
0:0:0:0:0:0:0:1 - - [10/Feb/2023:12:34:46 +0900] "GET /client/gallery/registform HTTP/1.1" 200 1833
0:0:0:0:0:0:0:1 - - [10/Feb/2023:14:03:18 +0900] "GET /client/gallery/registform HTTP/1.1" 200 1924
0:0:0:0:0:0:0:1 - - [10/Feb/2023:14:03:27 +0900] "POST /client/gallery/regist HTTP/1.1" 404 721
127.0.0.1 - - [10/Feb/2023:14:04:22 +0900] "GET / HTTP/1.1" 404 721
0:0:0:0:0:0:0:1 - - [10/Feb/2023:14:04:26 +0900] "POST /client/gallery/regist HTTP/1.1" 302 -
0:0:0:0:0:0:0:1 - - [10/Feb/2023:14:04:26 +0900] "GET /client/gallery/list HTTP/1.1" 200 1498
0:0:0:0:0:0:0:1 - - [10/Feb/2023:14:09:03 +0900] "GET /client/gallery/list HTTP/1.1" 200 1498
0:0:0:0:0:0:0:1 - - [10/Feb/2023:14:09:05 +0900] "GET /client/gallery/registform HTTP/1.1" 200 1923
0:0:0:0:0:0:0:1 - - [10/Feb/2023:14:09:32 +0900] "POST /client/gallery/regist HTTP/1.1" 500 3884
127.0.0.1 - - [10/Feb/2023:14:12:19 +0900] "GET / HTTP/1.1" 500 14022
127.0.0.1 - - [10/Feb/2023:14:12:51 +0900] "GET / HTTP/1.1" 500 13971
127.0.0.1 - - [10/Feb/2023:14:15:01 +0900] "GET / HTTP/1.1" 404 721
0:0:0:0:0:0:0:1 - - [10/Feb/2023:14:15:05 +0900] "POST /client/gallery/regist HTTP/1.1" 302 -
0:0:0:0:0:0:0:1 - - [10/Feb/2023:14:15:05 +0900] "GET /client/gallery/list HTTP/1.1" 200 1498
0:0:0:0:0:0:0:1 - - [10/Feb/2023:14:15:06 +0900] "GET /client/gallery/registform HTTP/1.1" 200 1923
0:0:0:0:0:0:0:1 - - [10/Feb/2023:14:15:16 +0900] "POST /client/gallery/regist HTTP/1.1" 302 -
0:0:0:0:0:0:0:1 - - [10/Feb/2023:14:15:16 +0900] "GET /client/gallery/list HTTP/1.1" 200 1498
0:0:0:0:0:0:0:1 - - [10/Feb/2023:14:18:56 +0900] "GET /resources/data/test.html HTTP/1.1" 200 145
0:0:0:0:0:0:0:1 - - [10/Feb/2023:14:28:06 +0900] "GET /client/gallery/list HTTP/1.1" 200 1498
0:0:0:0:0:0:0:1 - - [10/Feb/2023:14:28:16 +0900] "GET /client/gallery/registform HTTP/1.1" 200 1923
0:0:0:0:0:0:0:1 - - [10/Feb/2023:14:28:22 +0900] "POST /client/gallery/regist HTTP/1.1" 302 -
0:0:0:0:0:0:0:1 - - [10/Feb/2023:14:28:22 +0900] "GET /client/gallery/list HTTP/1.1" 200 1498
0:0:0:0:0:0:0:1 - - [10/Feb/2023:14:29:34 +0900] "GET /client/gallery/registform HTTP/1.1" 200 1923
0:0:0:0:0:0:0:1 - - [10/Feb/2023:14:29:40 +0900] "POST /client/gallery/regist HTTP/1.1" 302 -
0:0:0:0:0:0:0:1 - - [10/Feb/2023:14:29:40 +0900] "GET /client/gallery/list HTTP/1.1" 200 1498
127.0.0.1 - - [10/Feb/2023:14:33:49 +0900] "GET / HTTP/1.1" 404 721
0:0:0:0:0:0:0:1 - - [10/Feb/2023:14:33:52 +0900] "GET /client/gallery/list HTTP/1.1" 200 1498
0:0:0:0:0:0:0:1 - - [10/Feb/2023:14:33:52 +0900] "GET /client/gallery/list HTTP/1.1" 200 1498
0:0:0:0:0:0:0:1 - - [10/Feb/2023:14:33:52 +0900] "GET /client/gallery/list HTTP/1.1" 200 1498
0:0:0:0:0:0:0:1 - - [10/Feb/2023:14:33:52 +0900] "GET /client/gallery/registform HTTP/1.1" 200 1923
0:0:0:0:0:0:0:1 - - [10/Feb/2023:14:33:59 +0900] "POST /client/gallery/regist HTTP/1.1" 302 -
0:0:0:0:0:0:0:1 - - [10/Feb/2023:14:33:59 +0900] "GET /client/gallery/list HTTP/1.1" 200 1498
127.0.0.1 - - [10/Feb/2023:15:45:54 +0900] "GET / HTTP/1.1" 500 10300
127.0.0.1 - - [10/Feb/2023:16:19:46 +0900] "GET / HTTP/1.1" 404 721
0:0:0:0:0:0:0:1 - - [10/Feb/2023:16:19:50 +0900] "GET /client/gallery/list HTTP/1.1" 200 1498
0:0:0:0:0:0:0:1 - - [10/Feb/2023:16:19:51 +0900] "GET /client/gallery/list HTTP/1.1" 200 1498
0:0:0:0:0:0:0:1 - - [10/Feb/2023:16:19:51 +0900] "GET /client/gallery/registform HTTP/1.1" 200 1923
0:0:0:0:0:0:0:1 - - [10/Feb/2023:16:19:59 +0900] "POST /client/gallery/regist HTTP/1.1" 302 -
0:0:0:0:0:0:0:1 - - [10/Feb/2023:16:19:59 +0900] "GET /client/gallery/list HTTP/1.1" 200 1498
127.0.0.1 - - [10/Feb/2023:16:20:49 +0900] "GET / HTTP/1.1" 404 721
0:0:0:0:0:0:0:1 - - [10/Feb/2023:16:20:54 +0900] "GET /client/gallery/list HTTP/1.1" 200 1498
0:0:0:0:0:0:0:1 - - [10/Feb/2023:16:20:54 +0900] "GET /client/gallery/list HTTP/1.1" 200 1498
0:0:0:0:0:0:0:1 - - [10/Feb/2023:16:20:54 +0900] "GET /client/gallery/list HTTP/1.1" 200 1498
0:0:0:0:0:0:0:1 - - [10/Feb/2023:16:20:54 +0900] "GET /client/gallery/registform HTTP/1.1" 200 1923
0:0:0:0:0:0:0:1 - - [10/Feb/2023:16:21:00 +0900] "POST /client/gallery/regist HTTP/1.1" 302 -
0:0:0:0:0:0:0:1 - - [10/Feb/2023:16:21:00 +0900] "GET /client/gallery/list HTTP/1.1" 200 1498
127.0.0.1 - - [10/Feb/2023:16:32:10 +0900] "GET / HTTP/1.1" 404 721
0:0:0:0:0:0:0:1 - - [10/Feb/2023:16:32:17 +0900] "GET /client/gallery/list HTTP/1.1" 200 1498
0:0:0:0:0:0:0:1 - - [10/Feb/2023:16:32:18 +0900] "GET /client/gallery/list HTTP/1.1" 200 1498
0:0:0:0:0:0:0:1 - - [10/Feb/2023:16:32:18 +0900] "GET /client/gallery/list HTTP/1.1" 200 1498
0:0:0:0:0:0:0:1 - - [10/Feb/2023:16:32:18 +0900] "GET /client/gallery/registform HTTP/1.1" 200 1923
0:0:0:0:0:0:0:1 - - [10/Feb/2023:16:32:25 +0900] "POST /client/gallery/regist HTTP/1.1" 302 -
0:0:0:0:0:0:0:1 - - [10/Feb/2023:16:32:25 +0900] "GET /client/gallery/list HTTP/1.1" 200 1498
127.0.0.1 - - [10/Feb/2023:16:33:23 +0900] "GET / HTTP/1.1" 404 721
0:0:0:0:0:0:0:1 - - [10/Feb/2023:16:33:27 +0900] "GET /client/gallery/list HTTP/1.1" 200 1498
0:0:0:0:0:0:0:1 - - [10/Feb/2023:16:33:27 +0900] "GET /client/gallery/list HTTP/1.1" 200 1498
0:0:0:0:0:0:0:1 - - [10/Feb/2023:16:33:28 +0900] "GET /client/gallery/list HTTP/1.1" 200 1498
0:0:0:0:0:0:0:1 - - [10/Feb/2023:16:33:28 +0900] "GET /client/gallery/list HTTP/1.1" 200 1498
0:0:0:0:0:0:0:1 - - [10/Feb/2023:16:33:28 +0900] "GET /client/gallery/list HTTP/1.1" 200 1498
0:0:0:0:0:0:0:1 - - [10/Feb/2023:16:33:28 +0900] "GET /client/gallery/list HTTP/1.1" 200 1498
0:0:0:0:0:0:0:1 - - [10/Feb/2023:16:33:28 +0900] "GET /client/gallery/registform HTTP/1.1" 200 1923
0:0:0:0:0:0:0:1 - - [10/Feb/2023:16:33:32 +0900] "POST /client/gallery/regist HTTP/1.1" 302 -
0:0:0:0:0:0:0:1 - - [10/Feb/2023:16:33:32 +0900] "GET /client/gallery/list HTTP/1.1" 200 1498
127.0.0.1 - - [10/Feb/2023:16:34:41 +0900] "GET / HTTP/1.1" 404 721
0:0:0:0:0:0:0:1 - - [10/Feb/2023:16:34:44 +0900] "GET /client/gallery/list HTTP/1.1" 200 1498
0:0:0:0:0:0:0:1 - - [10/Feb/2023:16:34:45 +0900] "GET /client/gallery/list HTTP/1.1" 200 1498
0:0:0:0:0:0:0:1 - - [10/Feb/2023:16:34:45 +0900] "GET /client/gallery/list HTTP/1.1" 200 1498
0:0:0:0:0:0:0:1 - - [10/Feb/2023:16:34:45 +0900] "GET /client/gallery/registform HTTP/1.1" 200 1923
0:0:0:0:0:0:0:1 - - [10/Feb/2023:16:34:51 +0900] "POST /client/gallery/regist HTTP/1.1" 500 5784
127.0.0.1 - - [10/Feb/2023:16:36:21 +0900] "GET / HTTP/1.1" 404 721
0:0:0:0:0:0:0:1 - - [10/Feb/2023:16:36:24 +0900] "GET /client/gallery/registform HTTP/1.1" 200 1923
0:0:0:0:0:0:0:1 - - [10/Feb/2023:16:36:24 +0900] "GET /client/gallery/registform HTTP/1.1" 200 1923
0:0:0:0:0:0:0:1 - - [10/Feb/2023:16:36:24 +0900] "GET /client/gallery/registform HTTP/1.1" 200 1923
0:0:0:0:0:0:0:1 - - [10/Feb/2023:16:36:25 +0900] "GET /client/gallery/registform HTTP/1.1" 200 1923
0:0:0:0:0:0:0:1 - - [10/Feb/2023:16:36:25 +0900] "GET /client/gallery/registform HTTP/1.1" 200 1923
0:0:0:0:0:0:0:1 - - [10/Feb/2023:16:36:25 +0900] "GET /client/gallery/registform HTTP/1.1" 200 1923
0:0:0:0:0:0:0:1 - - [10/Feb/2023:16:36:29 +0900] "POST /client/gallery/regist HTTP/1.1" 302 -
0:0:0:0:0:0:0:1 - - [10/Feb/2023:16:36:29 +0900] "GET /client/gallery/list HTTP/1.1" 200 1498
127.0.0.1 - - [10/Feb/2023:16:47:40 +0900] "GET / HTTP/1.1" 404 721
0:0:0:0:0:0:0:1 - - [10/Feb/2023:16:47:43 +0900] "GET /client/gallery/list HTTP/1.1" 200 1498
0:0:0:0:0:0:0:1 - - [10/Feb/2023:16:47:44 +0900] "GET /client/gallery/registform HTTP/1.1" 200 1923
0:0:0:0:0:0:0:1 - - [10/Feb/2023:16:47:49 +0900] "POST /client/gallery/regist HTTP/1.1" 500 3836
0:0:0:0:0:0:0:1 - - [10/Feb/2023:16:49:00 +0900] "POST /client/gallery/regist HTTP/1.1" 500 3577
0:0:0:0:0:0:0:1 - - [10/Feb/2023:16:49:51 +0900] "POST /client/gallery/regist HTTP/1.1" 200 226
